---
source: workspaces/optic-engine/tests/shape_diff.rs
expression: fingerprints
---
[
    "15054827763015378168",
    "15054827763015378168",
]
