// Jest Snapshot v1, https://goo.gl/fbAQLP

exports[`debug sources can iterate provided traffic 1`] = `
Array [
  SimpleExampleTraffic {
    "_request": Object {
      "method": "get",
      "path": "/examples",
    },
    "_response": Object {
      "json": undefined,
      "statusCode": "200",
    },
  },
  SimpleExampleTraffic {
    "_request": Object {
      "method": "get",
      "path": "/examples",
    },
    "_response": Object {
      "json": undefined,
      "statusCode": "200",
    },
  },
  SimpleExampleTraffic {
    "_request": Object {
      "method": "get",
      "path": "/examples/:todoId",
    },
    "_response": Object {
      "json": undefined,
      "statusCode": "200",
    },
  },
  SimpleExampleTraffic {
    "_request": Object {
      "method": "post",
      "path": "/examples",
    },
    "_response": Object {
      "json": undefined,
      "statusCode": "404",
    },
  },
]
`;
