// Jest Snapshot v1, https://goo.gl/fbAQLP

exports[`capture sources can parse captured traffic 1`] = `"[{\\"_method\\":\\"get\\",\\"_path\\":\\"/get\\",\\"_response\\":{\\"statusCode\\":200,\\"body\\":{\\"contentType\\":\\"application/json\\"}}},{\\"_method\\":\\"get\\",\\"_path\\":\\"/get\\",\\"_response\\":{\\"statusCode\\":200,\\"body\\":{\\"contentType\\":\\"application/json\\"}}},{\\"_method\\":\\"get\\",\\"_path\\":\\"/get\\",\\"_response\\":{\\"statusCode\\":200,\\"body\\":{\\"contentType\\":\\"application/json\\"}}},{\\"_method\\":\\"get\\",\\"_path\\":\\"/get\\",\\"_response\\":{\\"statusCode\\":200,\\"body\\":{\\"contentType\\":\\"application/json\\"}}}]"`;
