// Jest Snapshot v1, https://goo.gl/fbAQLP

exports[`visitMethod detects an unspecified path 1`] = `
[
  {
    "kind": "UnmatchedMethod",
    "pathPattern": "/orders/{orderId}",
    "subject": "get",
  },
]
`;
