// Jest Snapshot v1, https://goo.gl/fbAQLP

exports[`visitPath detects an unspecified path 1`] = `
Array [
  Object {
    "kind": "UnmatchedPath",
    "subject": "/orders/{orderId}",
  },
]
`;
