// Jest Snapshot v1, https://goo.gl/fbAQLP

exports[`2.x.x validation non-strict validation invalid swagger document should raise errors 1`] = `
"[31minvalid openapi: [39m[1m[31mpaths > /api > get must have required property 'responses'[39m[22m
/paths/~1api/get
[31minvalid openapi: [39m[1m[31mswagger must be equal to one of the allowed values 2.0[39m[22m
/swagger
[31minvalid openapi: [39m[1m[31minfo must have required property 'version'[39m[22m
/info"
`;

exports[`2.x.x validation strict validation invalid swagger document should raise errors 1`] = `
"[31minvalid openapi: [39m[1m[31mpaths > /api > get > responses must NOT be valid[39m[22m
/paths/~1api/get/responses"
`;

exports[`3.x.x validation non-strict validation should fail open api doc with invalid status code shape 1`] = `
"[31minvalid openapi: [39m[1m[31mpaths > /example > get > responses > 202 must be object[39m[22m
/paths/~1example/get/responses/202"
`;

exports[`3.x.x validation non-strict validation should fail open api doc with no path should throw an error 1`] = `
"[31minvalid openapi: [39m[1m[31m must have required property 'paths'[39m[22m
"
`;

exports[`3.x.x validation non-strict validation should fail open api doc without responses 1`] = `
"[31minvalid openapi: [39m[1m[31mpaths > /example > get must have required property 'responses'[39m[22m
/paths/~1example/get"
`;

exports[`3.x.x validation strict validation advanced validators run and append their results 1`] = `
"[31minvalid openapi: [39m[1m[31mpaths > /api/users/{userId} > get > responses > 200 > content > application/json > schema > oneOf must NOT have fewer than 1 items[39m[22m
/paths/~1api~1users~1{userId}/get/responses/200/content/application~1json/schema/oneOf
[31minvalid openapi: [39m[1m[31mpaths > /api/users/{userId} > get > responses > 200 > content > application/json > schema > anyOf must NOT have fewer than 1 items[39m[22m
/paths/~1api~1users~1{userId}/get/responses/200/content/application~1json/schema/anyOf
[31minvalid openapi: [39m[1m[31mpaths > /api/users/{userId} > get > responses > 200 > content > application/json > schema > items must be object[39m[22m
/paths/~1api~1users~1{userId}/get/responses/200/content/application~1json/schema/items
[31minvalid openapi: [39m[1m[31mpaths > /api/users/{userId} > get > responses > 200 > content > application/json > schema schema with type "object" cannot also include keywords: items[39m[22m
/paths/~1api~1users~1{userId}/get/responses/200/content/application~1json/schema"
`;

exports[`3.x.x validation strict validation open api doc with no description in response should throw 1`] = `
"[31minvalid openapi: [39m[1m[31mpaths > /example > get > responses > 200 must have required property 'description'[39m[22m
/paths/~1example/get/responses/200"
`;

exports[`processValidatorErrors 1`] = `
"[31minvalid openapi: [39m[1m[31mpaths > /api/users/{userId} > get > responses > 200 > content > application/json > schema > properties > hello > items must be object[39m[22m
/paths/~1api~1users~1{userId}/get/responses/200/content/application~1json/schema/properties/hello/items"
`;

exports[`processValidatorErrors attaches the sourcemap 1`] = `
"[31minvalid openapi: [39m[1m[31mpaths > /api/users/{userId} > get > responses > 200 > content > application/json > schema > properties > hello > items must be object[39m[22m
[90m18 |[39m   "properties": {
[90m19 |[39m     "hello": {
[90m20 |[39m       "type": "array",
[90m21 |[39m [1m[31m      "items": "no"[39m[22m
[90m22 |[39m     }
[90m23 |[39m   }
[90m24 |[39m }
[31minvalid openapi: [39m[1m[31mtype must be equal to one of the allowed values string,number,integer,object,array,boolean[39m[22m
[90m35 |[39m "content": {
[90m36 |[39m   "application/json": {
[90m37 |[39m     "schema": {
[90m38 |[39m [1m[31m      "type": "not-real"[39m[22m
[90m39 |[39m     }
[90m40 |[39m   }
[90m41 |[39m }"
`;
