// Jest Snapshot v1, https://goo.gl/fbAQLP

exports[`getComparisonLogs md non verbose 1`] = `
[
  "**FAIL** **GET** /orgs/{org_id}/thing/{thing_id}",
  "- rule: ",
  ":x: undefined",
  "at /end-end-tests/api-standards/resources/thing/2021-11-10/001-ok-add-property-field.yaml:221:10080",
  "",
  "
",
  "1 operation added",
  "**0 checks passed**",
  "**1 checks failed**",
]
`;

exports[`getComparisonLogs pretty non verbose 1`] = `
[
  "  [1m[41m[37m FAIL [39m[49m[22m [1mGET[22m /orgs/{org_id}/thing/{thing_id}",
  "    rule: ",
  "      [31m[31mx[39m[31m undefined[39m",
  "      at [4m/end-end-tests/api-standards/resources/thing/2021-11-10/001-ok-add-property-field.yaml:221:10080[24m",
  "",
  "
",
  "1 operation added",
  "[32m[1m0 checks passed[22m[39m",
  "[31m[1m1 checks failed[22m[39m",
]
`;
