// Jest Snapshot v1, https://goo.gl/fbAQLP

exports[`breaking changes ruleset - parameter requirement change "cookie" parameter optional to required 1`] = `
[
  {
    "change": {
      "changeType": "changed",
      "changed": {
        "after": {
          "in": "cookie",
          "name": "version",
          "required": true,
          "schema": {
            "type": "string",
          },
        },
        "before": {
          "in": "cookie",
          "name": "version",
          "schema": {
            "type": "string",
          },
        },
      },
      "location": {
        "conceptualLocation": {
          "inRequest": {
            "cookie": "version",
          },
          "method": "get",
          "path": "/api/users",
        },
        "conceptualPath": [
          "operations",
          "/api/users",
          "get",
          "parameters",
          "cookie",
          "version",
        ],
        "jsonPath": "/paths/~1api~1users/get/parameters/0",
        "kind": "cookie-parameter",
      },
    },
    "condition": undefined,
    "docsLink": undefined,
    "error": undefined,
    "exempted": false,
    "expected": undefined,
    "isMust": true,
    "isShould": false,
    "name": "prevent cookie parameters enum breaking changes",
    "passed": true,
    "received": undefined,
    "severity": 2,
    "type": "changed",
    "where": "GET /api/users cookie parameter: version",
  },
  {
    "change": {
      "changeType": "changed",
      "changed": {
        "after": {
          "in": "cookie",
          "name": "version",
          "required": true,
          "schema": {
            "type": "string",
          },
        },
        "before": {
          "in": "cookie",
          "name": "version",
          "schema": {
            "type": "string",
          },
        },
      },
      "location": {
        "conceptualLocation": {
          "inRequest": {
            "cookie": "version",
          },
          "method": "get",
          "path": "/api/users",
        },
        "conceptualPath": [
          "operations",
          "/api/users",
          "get",
          "parameters",
          "cookie",
          "version",
        ],
        "jsonPath": "/paths/~1api~1users/get/parameters/0",
        "kind": "cookie-parameter",
      },
    },
    "condition": undefined,
    "docsLink": undefined,
    "error": undefined,
    "exempted": false,
    "expected": undefined,
    "isMust": true,
    "isShould": false,
    "name": "prevent cookie parameters type changes",
    "passed": true,
    "received": undefined,
    "severity": 2,
    "type": "changed",
    "where": "GET /api/users cookie parameter: version",
  },
  {
    "change": {
      "changeType": "changed",
      "changed": {
        "after": {
          "in": "cookie",
          "name": "version",
          "required": true,
          "schema": {
            "type": "string",
          },
        },
        "before": {
          "in": "cookie",
          "name": "version",
          "schema": {
            "type": "string",
          },
        },
      },
      "location": {
        "conceptualLocation": {
          "inRequest": {
            "cookie": "version",
          },
          "method": "get",
          "path": "/api/users",
        },
        "conceptualPath": [
          "operations",
          "/api/users",
          "get",
          "parameters",
          "cookie",
          "version",
        ],
        "jsonPath": "/paths/~1api~1users/get/parameters/0",
        "kind": "cookie-parameter",
      },
    },
    "condition": undefined,
    "docsLink": undefined,
    "error": "cannot make optional cookie parameter 'version' required. This is a breaking change.",
    "exempted": false,
    "expected": undefined,
    "isMust": true,
    "isShould": false,
    "name": "prevent requiring existing cookie parameters",
    "passed": false,
    "received": undefined,
    "severity": 2,
    "type": "changed",
    "where": "GET /api/users cookie parameter: version",
  },
]
`;

exports[`breaking changes ruleset - parameter requirement change "header" parameter optional to required 1`] = `
[
  {
    "change": {
      "changeType": "changed",
      "changed": {
        "after": {
          "in": "header",
          "name": "version",
          "required": true,
          "schema": {
            "type": "string",
          },
        },
        "before": {
          "in": "header",
          "name": "version",
          "schema": {
            "type": "string",
          },
        },
      },
      "location": {
        "conceptualLocation": {
          "inRequest": {
            "header": "version",
          },
          "method": "get",
          "path": "/api/users",
        },
        "conceptualPath": [
          "operations",
          "/api/users",
          "get",
          "parameters",
          "header",
          "version",
        ],
        "jsonPath": "/paths/~1api~1users/get/parameters/0",
        "kind": "header-parameter",
      },
    },
    "condition": undefined,
    "docsLink": undefined,
    "error": undefined,
    "exempted": false,
    "expected": undefined,
    "isMust": true,
    "isShould": false,
    "name": "prevent header parameters enum breaking changes",
    "passed": true,
    "received": undefined,
    "severity": 2,
    "type": "changed",
    "where": "GET /api/users header parameter: version",
  },
  {
    "change": {
      "changeType": "changed",
      "changed": {
        "after": {
          "in": "header",
          "name": "version",
          "required": true,
          "schema": {
            "type": "string",
          },
        },
        "before": {
          "in": "header",
          "name": "version",
          "schema": {
            "type": "string",
          },
        },
      },
      "location": {
        "conceptualLocation": {
          "inRequest": {
            "header": "version",
          },
          "method": "get",
          "path": "/api/users",
        },
        "conceptualPath": [
          "operations",
          "/api/users",
          "get",
          "parameters",
          "header",
          "version",
        ],
        "jsonPath": "/paths/~1api~1users/get/parameters/0",
        "kind": "header-parameter",
      },
    },
    "condition": undefined,
    "docsLink": undefined,
    "error": undefined,
    "exempted": false,
    "expected": undefined,
    "isMust": true,
    "isShould": false,
    "name": "prevent header parameters type changes",
    "passed": true,
    "received": undefined,
    "severity": 2,
    "type": "changed",
    "where": "GET /api/users header parameter: version",
  },
  {
    "change": {
      "changeType": "changed",
      "changed": {
        "after": {
          "in": "header",
          "name": "version",
          "required": true,
          "schema": {
            "type": "string",
          },
        },
        "before": {
          "in": "header",
          "name": "version",
          "schema": {
            "type": "string",
          },
        },
      },
      "location": {
        "conceptualLocation": {
          "inRequest": {
            "header": "version",
          },
          "method": "get",
          "path": "/api/users",
        },
        "conceptualPath": [
          "operations",
          "/api/users",
          "get",
          "parameters",
          "header",
          "version",
        ],
        "jsonPath": "/paths/~1api~1users/get/parameters/0",
        "kind": "header-parameter",
      },
    },
    "condition": undefined,
    "docsLink": undefined,
    "error": "cannot make optional header parameter 'version' required. This is a breaking change.",
    "exempted": false,
    "expected": undefined,
    "isMust": true,
    "isShould": false,
    "name": "prevent requiring existing header parameters",
    "passed": false,
    "received": undefined,
    "severity": 2,
    "type": "changed",
    "where": "GET /api/users header parameter: version",
  },
]
`;

exports[`breaking changes ruleset - parameter requirement change "query" parameter optional to required 1`] = `
[
  {
    "change": {
      "changeType": "changed",
      "changed": {
        "after": {
          "in": "query",
          "name": "version",
          "required": true,
          "schema": {
            "type": "string",
          },
        },
        "before": {
          "in": "query",
          "name": "version",
          "schema": {
            "type": "string",
          },
        },
      },
      "location": {
        "conceptualLocation": {
          "inRequest": {
            "query": "version",
          },
          "method": "get",
          "path": "/api/users",
        },
        "conceptualPath": [
          "operations",
          "/api/users",
          "get",
          "parameters",
          "query",
          "version",
        ],
        "jsonPath": "/paths/~1api~1users/get/parameters/0",
        "kind": "query-parameter",
      },
    },
    "condition": undefined,
    "docsLink": undefined,
    "error": undefined,
    "exempted": false,
    "expected": undefined,
    "isMust": true,
    "isShould": false,
    "name": "prevent query parameters enum breaking changes",
    "passed": true,
    "received": undefined,
    "severity": 2,
    "type": "changed",
    "where": "GET /api/users query parameter: version",
  },
  {
    "change": {
      "changeType": "changed",
      "changed": {
        "after": {
          "in": "query",
          "name": "version",
          "required": true,
          "schema": {
            "type": "string",
          },
        },
        "before": {
          "in": "query",
          "name": "version",
          "schema": {
            "type": "string",
          },
        },
      },
      "location": {
        "conceptualLocation": {
          "inRequest": {
            "query": "version",
          },
          "method": "get",
          "path": "/api/users",
        },
        "conceptualPath": [
          "operations",
          "/api/users",
          "get",
          "parameters",
          "query",
          "version",
        ],
        "jsonPath": "/paths/~1api~1users/get/parameters/0",
        "kind": "query-parameter",
      },
    },
    "condition": undefined,
    "docsLink": undefined,
    "error": undefined,
    "exempted": false,
    "expected": undefined,
    "isMust": true,
    "isShould": false,
    "name": "prevent query parameters type changes",
    "passed": true,
    "received": undefined,
    "severity": 2,
    "type": "changed",
    "where": "GET /api/users query parameter: version",
  },
  {
    "change": {
      "changeType": "changed",
      "changed": {
        "after": {
          "in": "query",
          "name": "version",
          "required": true,
          "schema": {
            "type": "string",
          },
        },
        "before": {
          "in": "query",
          "name": "version",
          "schema": {
            "type": "string",
          },
        },
      },
      "location": {
        "conceptualLocation": {
          "inRequest": {
            "query": "version",
          },
          "method": "get",
          "path": "/api/users",
        },
        "conceptualPath": [
          "operations",
          "/api/users",
          "get",
          "parameters",
          "query",
          "version",
        ],
        "jsonPath": "/paths/~1api~1users/get/parameters/0",
        "kind": "query-parameter",
      },
    },
    "condition": undefined,
    "docsLink": undefined,
    "error": "cannot make optional query parameter 'version' required. This is a breaking change.",
    "exempted": false,
    "expected": undefined,
    "isMust": true,
    "isShould": false,
    "name": "prevent requiring existing query parameters",
    "passed": false,
    "received": undefined,
    "severity": 2,
    "type": "changed",
    "where": "GET /api/users query parameter: version",
  },
]
`;

exports[`breaking changes ruleset - parameter requirement change required "cookie" parameter added 1`] = `
[
  {
    "change": {
      "added": {
        "in": "cookie",
        "name": "required",
        "required": true,
        "schema": {
          "type": "string",
        },
      },
      "changeType": "added",
      "location": {
        "conceptualLocation": {
          "inRequest": {
            "cookie": "required",
          },
          "method": "get",
          "path": "/api/users",
        },
        "conceptualPath": [
          "operations",
          "/api/users",
          "get",
          "parameters",
          "cookie",
          "required",
        ],
        "jsonPath": "/paths/~1api~1users/get/parameters/0",
        "kind": "cookie-parameter",
      },
    },
    "condition": undefined,
    "docsLink": undefined,
    "error": "cannot add required cookie parameter required to an existing operation. This is a breaking change.",
    "exempted": false,
    "expected": undefined,
    "isMust": true,
    "isShould": false,
    "name": "prevent new required cookie parameters",
    "passed": false,
    "received": undefined,
    "severity": 2,
    "type": "added",
    "where": "GET /api/users cookie parameter: required",
  },
]
`;

exports[`breaking changes ruleset - parameter requirement change required "header" parameter added 1`] = `
[
  {
    "change": {
      "added": {
        "in": "header",
        "name": "required",
        "required": true,
        "schema": {
          "type": "string",
        },
      },
      "changeType": "added",
      "location": {
        "conceptualLocation": {
          "inRequest": {
            "header": "required",
          },
          "method": "get",
          "path": "/api/users",
        },
        "conceptualPath": [
          "operations",
          "/api/users",
          "get",
          "parameters",
          "header",
          "required",
        ],
        "jsonPath": "/paths/~1api~1users/get/parameters/0",
        "kind": "header-parameter",
      },
    },
    "condition": undefined,
    "docsLink": undefined,
    "error": "cannot add required header parameter required to an existing operation. This is a breaking change.",
    "exempted": false,
    "expected": undefined,
    "isMust": true,
    "isShould": false,
    "name": "prevent new required header parameters",
    "passed": false,
    "received": undefined,
    "severity": 2,
    "type": "added",
    "where": "GET /api/users header parameter: required",
  },
]
`;

exports[`breaking changes ruleset - parameter requirement change required "query" parameter added 1`] = `
[
  {
    "change": {
      "added": {
        "in": "query",
        "name": "required",
        "required": true,
        "schema": {
          "type": "string",
        },
      },
      "changeType": "added",
      "location": {
        "conceptualLocation": {
          "inRequest": {
            "query": "required",
          },
          "method": "get",
          "path": "/api/users",
        },
        "conceptualPath": [
          "operations",
          "/api/users",
          "get",
          "parameters",
          "query",
          "required",
        ],
        "jsonPath": "/paths/~1api~1users/get/parameters/0",
        "kind": "query-parameter",
      },
    },
    "condition": undefined,
    "docsLink": undefined,
    "error": "cannot add required query parameter required to an existing operation. This is a breaking change.",
    "exempted": false,
    "expected": undefined,
    "isMust": true,
    "isShould": false,
    "name": "prevent new required query parameters",
    "passed": false,
    "received": undefined,
    "severity": 2,
    "type": "added",
    "where": "GET /api/users query parameter: required",
  },
]
`;
