---
source: workspaces/diff-engine/tests/bug-scenarios.rs
expression: results
---
[
    UnmatchedRequestBodyShape(
        UnmatchedRequestBodyShape {
            interaction_trail: InteractionTrail {
                path: [
                    RequestBody {
                        content_type: "application/json",
                    },
                ],
            },
            requests_trail: SpecRequestBody(
                SpecRequestBody {
                    request_id: "request_ItvwdwotUU",
                },
            ),
            shape_diff_result: UnspecifiedShape {
                json_trail: JsonTrail {
                    path: [
                        JsonObjectKey {
                            key: "rating",
                        },
                    ],
                },
                shape_trail: ShapeTrail {
                    root_shape_id: "shape_eaAktz66rY",
                    path: [],
                },
            },
        },
    ),
    UnmatchedResponseBodyShape(
        UnmatchedResponseBodyShape {
            interaction_trail: InteractionTrail {
                path: [
                    ResponseBody {
                        content_type: "application/json",
                        status_code: 201,
                    },
                ],
            },
            requests_trail: SpecResponseBody(
                SpecResponseBody {
                    response_id: "response_Oq3x4otca8",
                },
            ),
            shape_diff_result: UnmatchedShape {
                json_trail: JsonTrail {
                    path: [
                        JsonObjectKey {
                            key: "rating",
                        },
                    ],
                },
                shape_trail: ShapeTrail {
                    root_shape_id: "shape_xjqKoYgnH6",
                    path: [
                        ObjectFieldTrail {
                            field_id: "field_dcJtyX4lH0",
                            field_shape_id: "shape_lhl794TnL5",
                        },
                        NullableTrail {
                            shape_id: "shape_lhl794TnL5",
                        },
                    ],
                },
            },
        },
    ),
]
