// Jest Snapshot v1, https://goo.gl/fbAQLP

exports[`lintgpt  1`] = `
[
  {
    "change": null,
    "error": undefined,
    "isMust": false,
    "isShould": true,
    "name": "All operations must have an operationId",
    "passed": true,
    "severity": 1,
    "where": "get /api/users",
  },
  {
    "change": null,
    "error": "The operationId 'get_all_the_users' is not in camelCase.",
    "isMust": false,
    "isShould": true,
    "name": "All operationIDs must be camelCase",
    "passed": false,
    "severity": 1,
    "where": "get /api/users",
  },
  {
    "change": null,
    "error": "The operationId has changed from 'getUsers' to 'get_all_the_users'. According to the rule, the operationId should never change.",
    "isMust": false,
    "isShould": true,
    "name": "operationId should NEVER change",
    "passed": false,
    "severity": 1,
    "where": "get /api/users",
  },
  {
    "change": null,
    "error": "The GET operation uses a 201 status code for its success response instead of the expected 200 status code.",
    "isMust": false,
    "isShould": true,
    "name": "GET operations should use 200 status code for its success response",
    "passed": false,
    "severity": 1,
    "where": "get /api/users",
  },
  {
    "change": null,
    "error": "The operation does not have security defined.",
    "isMust": false,
    "isShould": true,
    "name": "All operations must have security defined",
    "passed": false,
    "severity": 1,
    "where": "get /api/users",
  },
]
`;
