// Jest Snapshot v1, https://goo.gl/fbAQLP

exports[`failing case 1: removing operation 1`] = `
Object {
  "passed": false,
  "results": Array [
    Object {
      "change": Object {
        "changeType": "removed",
        "location": Object {
          "conceptualLocation": Object {
            "method": "get",
            "path": "/example",
          },
          "conceptualPath": Array [
            "operations",
            "/example",
            "get",
          ],
          "jsonPath": "/paths/~1example/get",
          "kind": "operation",
        },
        "removed": Object {
          "before": Object {
            "method": "get",
            "pathPattern": "/example",
          },
        },
      },
      "condition": "not be allowed",
      "docsLink": undefined,
      "effectiveOnDate": undefined,
      "error": "expected operation to not be removed",
      "isMust": true,
      "isShould": false,
      "passed": false,
      "where": "removed operation: GET /example",
    },
  ],
}
`;
