// Jest Snapshot v1, https://goo.gl/fbAQLP

exports[`failing case 1: changing from optional to required 1`] = `
Object {
  "passed": false,
  "results": Array [
    Object {
      "change": Object {
        "changeType": "changed",
        "changed": Object {
          "after": Object {
            "in": "query",
            "name": "exampleParam",
            "required": true,
          },
          "before": Object {
            "in": "query",
            "name": "exampleParam",
            "required": false,
          },
        },
        "location": Object {
          "conceptualLocation": Object {
            "inRequest": Object {
              "query": "exampleParam",
            },
            "method": "get",
            "path": "/example",
          },
          "conceptualPath": Array [
            "operations",
            "/example",
            "get",
            "parameters",
            "query",
            "exampleParam",
          ],
          "jsonPath": "/paths/~1example/get/parameters/0",
          "kind": "query-parameter",
        },
      },
      "condition": "not allow changing from optional to required",
      "docsLink": undefined,
      "effectiveOnDate": undefined,
      "error": "expected query parameter to be not be required",
      "isMust": true,
      "isShould": false,
      "passed": false,
      "where": "updated query-parameter: exampleParam",
    },
  ],
}
`;
