// Jest Snapshot v1, https://goo.gl/fbAQLP

exports[`failing case 1: changing type 1`] = `
Object {
  "passed": false,
  "results": Array [
    Object {
      "change": Object {
        "changeType": "changed",
        "changed": Object {
          "after": Object {
            "flatSchema": Object {
              "type": "number",
            },
            "key": "name",
            "required": false,
          },
          "before": Object {
            "flatSchema": Object {
              "type": "string",
            },
            "key": "name",
            "required": false,
          },
        },
        "location": Object {
          "conceptualLocation": Object {
            "inRequest": Object {
              "body": Object {
                "contentType": "application/json",
              },
            },
            "jsonSchemaTrail": Array [
              "name",
            ],
            "method": "post",
            "path": "/example",
          },
          "conceptualPath": Array [
            "operations",
            "/example",
            "post",
            "application/json",
            "name",
          ],
          "jsonPath": "/paths/~1example/post/requestBody/content/application~1json/schema/properties/name",
          "kind": "field",
        },
      },
      "condition": "not allow changing types",
      "docsLink": undefined,
      "effectiveOnDate": undefined,
      "error": "expected property to not change type",
      "isMust": true,
      "isShould": false,
      "passed": false,
      "where": "updated field: name",
    },
  ],
}
`;
