// Jest Snapshot v1, https://goo.gl/fbAQLP

exports[`failing case 1: removing property 1`] = `
Object {
  "passed": false,
  "results": Array [
    Object {
      "change": Object {
        "changeType": "removed",
        "location": Object {
          "conceptualLocation": Object {
            "inResponse": Object {
              "body": Object {
                "contentType": "application/json",
              },
              "statusCode": "200",
            },
            "jsonSchemaTrail": Array [
              "name",
            ],
            "method": "get",
            "path": "/example",
          },
          "conceptualPath": Array [
            "operations",
            "/example",
            "get",
            "responses",
            "200",
            "application/json",
            "name",
          ],
          "jsonPath": "/paths/~1example/get/responses/200/content/application~1json/schema/properties/name",
          "kind": "field",
        },
        "removed": Object {
          "before": Object {
            "flatSchema": Object {
              "type": "string",
            },
            "key": "name",
            "required": false,
          },
        },
      },
      "condition": "not be allowed",
      "docsLink": undefined,
      "effectiveOnDate": undefined,
      "error": "expected response property to not be removed",
      "isMust": true,
      "isShould": false,
      "passed": false,
      "where": "removed field: name",
    },
  ],
}
`;
